// Jest Snapshot v1, https://goo.gl/fbAQLP

exports[`Route -> SignIn component should match snapshot 1`] = `ReactWrapper {}`;
