// Jest Snapshot v1, https://goo.gl/fbAQLP

exports[`auth/layouts -> DefaultLayout component should match snapshot 1`] = `
<Fragment>
  <p>
    lorem ipsum
  </p>
</Fragment>
`;

exports[`auth/layouts -> DefaultLayoutRoute component should match snapshot 1`] = `
<Route
  render={[Function]}
/>
`;
