// Vitest Snapshot v1, https://vitest.dev/guide/snapshot.html

exports[`layouts -> DefaultLayout component > should match snapshot 1`] = `<DocumentFragment />`;

exports[`layouts -> DefaultLayout component should match snapshot 1`] = `<DocumentFragment />`;
