// Jest Snapshot v1, https://goo.gl/fbAQLP

exports[`Route -> Home should match snapshot 1`] = `ReactWrapper {}`;
