// Jest Snapshot v1, https://goo.gl/fbAQLP

exports[`App router should match snapshot 1`] = `<DocumentFragment />`;
