// Jest Snapshot v1, https://goo.gl/fbAQLP

exports[`auth/layouts -> DefaultLayout component should match snapshot 1`] = `<DocumentFragment />`;

exports[`auth/layouts -> DefaultLayoutRoute component should match snapshot 1`] = `
<DocumentFragment>
  <p>
    lorem ipsum
  </p>
</DocumentFragment>
`;
