// Vitest Snapshot v1, https://vitest.dev/guide/snapshot.html

exports[`layouts -> UserLayout component > should match snapshot 1`] = `<DocumentFragment />`;

exports[`layouts -> UserLayout component should match snapshot 1`] = `<DocumentFragment />`;
