// Jest Snapshot v1, https://goo.gl/fbAQLP

exports[`Route -> NotFound should match snapshot 1`] = `
<div>
  <h1>
    You are here!
  </h1>
  <h2>
    But nothing found for you #404
  </h2>
</div>
`;
