// Jest Snapshot v1, https://goo.gl/fbAQLP

exports[`Route -> SignIn component should match snapshot 1`] = `
<Component
  changePage={[Function]}
  dispatch={[MockFunction]}
  doLogin={[Function]}
  doLogout={[Function]}
  email=""
  getUserInfo={[Function]}
  isLogged={false}
  store={
    Object {
      "clearActions": [Function],
      "dispatch": [Function],
      "getActions": [Function],
      "getState": [Function],
      "replaceReducer": [Function],
      "subscribe": [Function],
    }
  }
  storeSubscription={
    Subscription {
      "listeners": Object {
        "clear": [Function],
        "get": [Function],
        "notify": [Function],
        "subscribe": [Function],
      },
      "onStateChange": [Function],
      "parentSub": undefined,
      "store": Object {
        "clearActions": [Function],
        "dispatch": [Function],
        "getActions": [Function],
        "getState": [Function],
        "replaceReducer": [Function],
        "subscribe": [Function],
      },
      "unsubscribe": [Function],
    }
  }
  token=""
  username=""
/>
`;
